[preparetopioneer.com/index.html]
[backblue.gif]
[fade.gif]
[index.html]
[preparetopioneer.com/assets/images/share_amethyst.png]
[preparetopioneer.com/_nuxt/entry.f713f468.css]
[preparetopioneer.com/_nuxt/entry.3e07ed2f.js]
[preparetopioneer.com/_nuxt/tweakpane.95688764.js]
[preparetopioneer.com/_nuxt/tweakpane-plugin-essentials.0bb003d9.js]
[preparetopioneer.com/_nuxt/tweakpane-image-plugin.ae119bf8.js]
[preparetopioneer.com/_nuxt/default.e7d114d3.js]
[preparetopioneer.com/_nuxt/default.c5152140.css]
[preparetopioneer.com/_nuxt/SoundToggle.00c27478.css]
[preparetopioneer.com/_nuxt/ButtonPrimary.7578e41a.css]
[preparetopioneer.com/_nuxt/index.7ffa2c0d.css]
[preparetopioneer.com/_nuxt/Share.555e2a58.css]
[preparetopioneer.com/_nuxt/language.5ae9f5c1.css]
[preparetopioneer.com/_nuxt/SoundToggle.3a5868ba.js]
[preparetopioneer.com/_nuxt/ButtonPrimary.2d46e3d0.js]
[preparetopioneer.com/_nuxt/index.9b54dd4e.js]
[preparetopioneer.com/_nuxt/CallToAction.a96c55e9.js]
[preparetopioneer.com/_nuxt/howler.4f5ca63d.js]
[preparetopioneer.com/_nuxt/Share.6d1341f7.js]
[preparetopioneer.com/_nuxt/useLogic.3fa0afca.js]
[preparetopioneer.com/_nuxt/language.326e33cf.js]
[preparetopioneer.com/_nuxt/gui.26909887.js]
[preparetopioneer.com/_nuxt/gui.c4767cc2.css]
[preparetopioneer.com/_nuxt/error-component.cba1d32a.js]
[preparetopioneer.com/_nuxt/error-component.78e5cd46.css]
[preparetopioneer.com/index.html]
[www.googletagmanager.com/gtm5445.html]
[preparetopioneer.com/_nuxt/composables.6b3d1766.js]
[preparetopioneer.com/_nuxt/MaisonNeue-Light.67400499.woff2]
[preparetopioneer.com/_nuxt/MaisonNeue-Light.a7ddce3c.woff]
[preparetopioneer.com/_nuxt/MaisonNeue-Book.42fb4103.woff2]
[preparetopioneer.com/_nuxt/MaisonNeue-Book.cfcca254.woff]
[preparetopioneer.com/_nuxt/MaisonNeue-Medium.5531d1fa.woff2]
[preparetopioneer.com/_nuxt/MaisonNeue-Medium.82049efc.woff]
[preparetopioneer.com/_nuxt/MaisonNeue-Bold.335b0553.woff2]
[preparetopioneer.com/_nuxt/MaisonNeue-Bold.728c9f21.woff]
[preparetopioneer.com/_nuxt/MaisonNeueExtended-Medium.0cd3dd89.woff2]
[preparetopioneer.com/_nuxt/MaisonNeueExtended-Medium.a3ebd6b5.woff]
[preparetopioneer.com/_nuxt/MaisonNeueExtended-Book.c0d22936.woff2]
[preparetopioneer.com/_nuxt/MaisonNeueExtended-Book.6b288e5c.woff]
[preparetopioneer.com/_nuxt/PPFraktionMono-Regular.af13fc57.woff2]
[preparetopioneer.com/_nuxt/PPFraktionMono-Regular.797b4379.woff]
[preparetopioneer.com/_nuxt/PPFraktionMono-Bold.0384bb16.woff2]
[preparetopioneer.com/_nuxt/PPFraktionMono-Bold.06812cfc.woff]
[preparetopioneer.com/_nuxt/entry.f713f468.css]
[preparetopioneer.com/_nuxt/default.c5152140.css]
[preparetopioneer.com/_nuxt/SoundToggle.00c27478.css]
[preparetopioneer.com/_nuxt/ButtonPrimary.7578e41a.css]
[preparetopioneer.com/_nuxt/index.7ffa2c0d.css]
[preparetopioneer.com/_nuxt/Share.555e2a58.css]
[preparetopioneer.com/_nuxt/important.d8b88424.jpg]
[preparetopioneer.com/_nuxt/language.5ae9f5c1.css]
[preparetopioneer.com/_nuxt/gui.c4767cc2.css]
[preparetopioneer.com/assets/images/error.png]
[preparetopioneer.com/_nuxt/error-component.78e5cd46.css]
